replayed 20
replayed 40
replayed 60
replayed 80
replayed 100
replayed 120
replayed 140
replayed 160
replayed 180
replayed 200
replayed 220
replayed 240
{'split': 'evaluation', 'revision': 'frozen', 'traces': 248, 'reconstructed_call_prompts': 803, 'errors': [], 'passed': True}
initial 32 32 missing 0
shared_state 17 / 32 correct; calls 114 tokens 96973
broadcast 30 / 32 correct; calls 136 tokens 99831
targeted 31 / 32 correct; calls 100 tokens 75985
sparse 32 / 32 correct; calls 99 tokens 75495
pipeline 32 / 32 correct; calls 0 tokens 0
synthetic rows 32
figure families 9
80 parser traces replayed 250 requests
{
  "passed": true,
  "source": {
    "rows": 541909,
    "logical_rows_sha256": "39702f43a1becb905966f498eaf9e5e87c84ca508d5aa4349082f80babc4b184",
    "integrity": "ok"
  },
  "traces": 248,
  "reconstructed_requests": 803,
  "tables": [
    "summary.json",
    "episodes.csv",
    "secondary.csv",
    "initial_rows.json",
    "request_variation.json",
    "stress_comparisons.json",
    "artifacts.csv",
    "primary_rows.json",
    "comparisons.json",
    "secondary_rows.json",
    "failure_diagnostics.json",
    "terminal_envelope_audit.json",
    "events.csv",
    "examples.json",
    "policy_summary.csv"
  ],
  "figure_families": 10,
  "followup_traces": 80,
  "followup_requests": 250,
  "inference_calls": 0,
  "interpretation": "Deterministic replay of fixed responses. No promise of bitwise GPU regeneration. Figure bytes can vary with plotting-library/font versions; numeric source tables must match."
}
