{
  "record_kind": "software_fixture",
  "interpretation": "Synthetic software fixtures; NOT human findings",
  "runs": 1,
  "duplicate_exports_ignored": 0,
  "paired_runs": 1,
  "missing": [
    {
      "code": "software-dry-run",
      "run_id": "d0dede4b2344411d8a5a52b08d47dea5",
      "withdrawn": false,
      "missing_completed_blocks": [],
      "active_export": false,
      "planned_scored_questions": 30,
      "offered_scored_questions": 30
    }
  ],
  "unit": "Participant for genuine observations; fixture runs are not participants. Reused source contexts also induce dependence. No question-level inference.",
  "timing_limit": "Select-to-action elapsed time includes thinking, interruptions and idle time; it is not continuous reading time. Source focus counts are interaction proxies.",
  "participant_results_populated": false,
  "paired": {
    "joint_correct_C_minus_B": {
      "n": 1,
      "mean": 0,
      "median": 0,
      "positive": 0,
      "zero": 1,
      "negative": 0,
      "descriptive_participant_bootstrap95": null,
      "interval_limit": "Only when at least six complete nonwithdrawn pairs. Conditional on these reused packets, not a population-of-financial-sources interval."
    },
    "incorrect_released_C_minus_B": {
      "n": 1,
      "mean": 0,
      "median": 0,
      "positive": 0,
      "zero": 1,
      "negative": 0,
      "descriptive_participant_bootstrap95": null,
      "interval_limit": "Only when at least six complete nonwithdrawn pairs. Conditional on these reused packets, not a population-of-financial-sources interval."
    },
    "unfinished_C_minus_B": {
      "n": 1,
      "mean": 0,
      "median": 0,
      "positive": 0,
      "zero": 1,
      "negative": 0,
      "descriptive_participant_bootstrap95": null,
      "interval_limit": "Only when at least six complete nonwithdrawn pairs. Conditional on these reused packets, not a population-of-financial-sources interval."
    },
    "tlx_raw_mean_C_minus_B": {
      "n": 0,
      "mean": null,
      "median": null,
      "positive": 0,
      "zero": 0,
      "negative": 0,
      "descriptive_participant_bootstrap95": null,
      "interval_limit": "Only when at least six complete nonwithdrawn pairs. Conditional on these reused packets, not a population-of-financial-sources interval."
    }
  }
}
