{
  "freeze": "verified",
  "manifest_sha256": "a834086c089d53d5903db6f4e5394ff53f089eccf4a0edf06ff68b73e8d8eaba",
  "saved_fixture_replay": {
    "artifacts/oversight_workflow/pilot_preparation/test_data/complete_fixture.pilot.json": {
      "blocks": 4,
      "events": 156
    },
    "artifacts/oversight_workflow/pilot_preparation/test_data/development_dry_run_01/complete_fixture.pilot.json": {
      "blocks": 4,
      "events": 158
    },
    "artifacts/oversight_workflow/pilot_preparation/test_data/development_dry_run_02/complete_fixture.pilot.json": {
      "blocks": 4,
      "events": 158
    },
    "artifacts/oversight_workflow/pilot_preparation/test_data/development_dry_run_03/complete_fixture.pilot.json": {
      "blocks": 4,
      "events": 156
    },
    "artifacts/oversight_workflow/pilot_preparation/test_data/development_dry_run_04/interrupted_fixture.pilot.json": {
      "blocks": 2,
      "events": 70
    },
    "artifacts/oversight_workflow/pilot_preparation/test_data/development_dry_run_05/complete_fixture.pilot.json": {
      "blocks": 4,
      "events": 156
    }
  },
  "human_observations": 0,
  "new_inference": 0
}
test_active_export_preserved_as_incomplete (test_pilot.PilotTests) ... ok
test_approval_release_and_replay (test_pilot.PilotTests) ... ok
test_assignment_balance_and_disjointness (test_pilot.PilotTests) ... ok
test_authorization_and_questionnaire_boundary (test_pilot.PilotTests) ... ok
test_cutoff_and_late_action_retained (test_pilot.PilotTests) ... ok
test_incorrect_packet_rejected (test_pilot.PilotTests) ... ok
test_kind_mixing_and_duplicate_exports (test_pilot.PilotTests) ... ok
test_no_duration_override_in_practice (test_pilot.PilotTests) ... ok
test_no_runtime_annotations (test_pilot.PilotTests) ... ok
test_parser_projection_no_semantic_rescue (test_pilot.PilotTests) ... ok
test_scored_outcomes_and_blinded_adjudication (test_pilot.PilotTests) ... /usr/lib/python3/dist-packages/matplotlib/__init__.py:200: DeprecationWarning: distutils Version classes are deprecated. Use packaging.version instead.
  if LooseVersion(module.__version__) < minver:
/home/resort/.local/lib/python3.8/site-packages/setuptools/_distutils/version.py:337: DeprecationWarning: distutils Version classes are deprecated. Use packaging.version instead.
  other = LooseVersion(other)
ok
test_source_only_does_not_load_proposal (test_pilot.PilotTests) ... ok
test_withdrawal_and_missing_sessions_not_discarded (test_pilot.PilotTests) ... ok

----------------------------------------------------------------------
Ran 13 tests in 5.595s

OK
test_closed_stage_refuses_new_generation_before_network (test_closure.ClosureTests) ... ok
test_annotation_isolation_and_provenance (test_protocol.ProtocolTests) ... ok
test_concurrent_arrivals_preserve_active (test_protocol.ProtocolTests) ... ok
test_deferral_restores_notes_and_source (test_protocol.ProtocolTests) ... ok
test_failure_remains_reviewable_not_silently_deleted (test_protocol.ProtocolTests) ... ok
test_grouping_never_merges_authority (test_protocol.ProtocolTests) ... ok
test_hidden_label_change_leaves_online_inputs_identical (test_protocol.ProtocolTests) ... ok
test_idempotency (test_protocol.ProtocolTests) ... ok
test_pause_counts_unstarted_and_preserves_inflight (test_protocol.ProtocolTests) ... ok
test_racing_revision_and_approval (test_protocol.ProtocolTests) ... ok
test_replay_interleavings (test_protocol.ProtocolTests) ... ok
test_replay_resume_clock_never_goes_backwards (test_protocol.ProtocolTests) ... ok
test_revision_cannot_inherit_approval (test_protocol.ProtocolTests) ... ok
test_revision_during_review_and_rollback (test_protocol.ProtocolTests) ... ok
test_timed_close_retains_outstanding_and_refuses_late_release (test_protocol.ProtocolTests) ... ok
test_old_session_command_cannot_offer_into_new_desk (test_server.JournalTests) ... ok
test_restore_retains_metadata_without_duplicate_keyword_and_replays (test_server.JournalTests) ... ok

----------------------------------------------------------------------
Ran 17 tests in 0.181s

OK
{
  "record_kind": "software_fixture",
  "interpretation": "Synthetic software fixtures; NOT human findings",
  "runs": 1,
  "duplicate_exports_ignored": 0,
  "paired_runs": 1,
  "missing": [
    {
      "code": "software-dry-run",
      "run_id": "d0dede4b2344411d8a5a52b08d47dea5",
      "withdrawn": false,
      "missing_completed_blocks": [],
      "active_export": false,
      "planned_scored_questions": 30,
      "offered_scored_questions": 30
    }
  ],
  "unit": "Participant for genuine observations; fixture runs are not participants. Reused source contexts also induce dependence. No question-level inference.",
  "timing_limit": "Select-to-action elapsed time includes thinking, interruptions and idle time; it is not continuous reading time. Source focus counts are interaction proxies.",
  "participant_results_populated": false,
  "paired": {
    "joint_correct_C_minus_B": {
      "n": 1,
      "mean": 0,
      "median": 0,
      "positive": 0,
      "zero": 1,
      "negative": 0,
      "descriptive_participant_bootstrap95": null,
      "interval_limit": "Only when at least six complete nonwithdrawn pairs. Conditional on these reused packets, not a population-of-financial-sources interval."
    },
    "incorrect_released_C_minus_B": {
      "n": 1,
      "mean": 0,
      "median": 0,
      "positive": 0,
      "zero": 1,
      "negative": 0,
      "descriptive_participant_bootstrap95": null,
      "interval_limit": "Only when at least six complete nonwithdrawn pairs. Conditional on these reused packets, not a population-of-financial-sources interval."
    },
    "unfinished_C_minus_B": {
      "n": 1,
      "mean": 0,
      "median": 0,
      "positive": 0,
      "zero": 1,
      "negative": 0,
      "descriptive_participant_bootstrap95": null,
      "interval_limit": "Only when at least six complete nonwithdrawn pairs. Conditional on these reused packets, not a population-of-financial-sources interval."
    },
    "tlx_raw_mean_C_minus_B": {
      "n": 0,
      "mean": null,
      "median": null,
      "positive": 0,
      "zero": 0,
      "negative": 0,
      "descriptive_participant_bootstrap95": null,
      "interval_limit": "Only when at least six complete nonwithdrawn pairs. Conditional on these reused packets, not a population-of-financial-sources interval."
    }
  }
}
