eval_02_0 shared_state 1 3
eval_02_0 broadcast 1 4
eval_02_0 targeted 1 3
eval_02_0 sparse 1 3
eval_02_0 global_packet 1 3
eval_02_1 broadcast 1 4
eval_02_1 targeted 1 3
eval_02_1 sparse 1 3
eval_02_1 global_packet 1 3
eval_02_1 shared_state 1 3
eval_03_0 targeted 1 3
eval_03_0 sparse 1 3
eval_03_0 global_packet 1 3
eval_03_0 shared_state 1 3
eval_03_0 broadcast 1 4
eval_03_1 sparse 1 3
eval_03_1 global_packet 1 3
eval_03_1 shared_state 1 3
eval_03_1 broadcast 1 4
eval_03_1 targeted 1 3
eval_04_0 global_packet 1 3
eval_04_0 shared_state 1 3
eval_04_0 broadcast 1 4
eval_04_0 targeted 1 3
eval_04_0 sparse 1 3
eval_04_1 shared_state 1 2
eval_04_1 broadcast 1 4
eval_04_1 targeted 1 2
eval_04_1 sparse 1 2
eval_04_1 global_packet 1 2
eval_05_0 broadcast 1 4
eval_05_0 targeted 1 3
eval_05_0 sparse 1 3
eval_05_0 global_packet 1 3
eval_05_0 shared_state 1 4
eval_05_1 targeted 1 3
eval_05_1 sparse 1 3
eval_05_1 global_packet 1 3
eval_05_1 shared_state 1 3
eval_05_1 broadcast 1 4
eval_06_0 sparse 1 3
eval_06_0 global_packet 1 3
eval_06_0 shared_state 1 3
eval_06_0 broadcast 1 4
eval_06_0 targeted 1 3
eval_06_1 global_packet 1 3
eval_06_1 shared_state 1 3
eval_06_1 broadcast 1 4
eval_06_1 targeted 1 3
eval_06_1 sparse 1 3
eval_07_0 shared_state 1 3
eval_07_0 broadcast 1 4
eval_07_0 targeted 1 3
eval_07_0 sparse 1 3
eval_07_0 global_packet 1 3
eval_07_1 broadcast 1 4
eval_07_1 targeted 1 2
eval_07_1 sparse 1 2
eval_07_1 global_packet 1 2
eval_07_1 shared_state 0 3
eval_08_0 targeted 1 3
eval_08_0 sparse 1 3
eval_08_0 global_packet 1 3
eval_08_0 shared_state 1 3
eval_08_0 broadcast 1 4
eval_08_1 sparse 1 3
eval_08_1 global_packet 1 3
eval_08_1 shared_state 1 3
eval_08_1 broadcast 1 4
eval_08_1 targeted 1 3
eval_09_0 global_packet 1 3
eval_09_0 shared_state 1 3
eval_09_0 broadcast 1 4
eval_09_0 targeted 1 3
eval_09_0 sparse 1 3
eval_09_1 shared_state 1 3
eval_09_1 broadcast 1 4
eval_09_1 targeted 1 3
eval_09_1 sparse 1 3
eval_09_1 global_packet 1 3
