{
  "status": "verified",
  "verified_utc": "2026-09-11T03:22:46.051541+00:00",
  "edition": "ICAART 2027",
  "files": {
    "main": {
      "path": "paper/main.pdf",
      "pages": 8,
      "non_whitespace_extracted_characters": 26529,
      "abstract_space_delimited_words": 168,
      "sha256": "a6a5f6da87e8a0d7ed285f58c4f3efe4913c78c10cf261cf6f66a161ab90b9d7",
      "all_fonts_embedded": true,
      "overfull_boxes": 0,
      "undefined_citations_or_references": 0,
      "anonymous_pdf_author_metadata": true,
      "official_class_and_style_loaded": true
    },
    "supplement": {
      "path": "paper/supplement.pdf",
      "pages": 17,
      "non_whitespace_extracted_characters": 48727,
      "abstract_space_delimited_words": 101,
      "sha256": "0c0d100c283f8791d7526fb294cefe5b46009812e6a6d16585fc650dfa9a4521",
      "all_fonts_embedded": true,
      "overfull_boxes": 0,
      "undefined_citations_or_references": 0,
      "anonymous_pdf_author_metadata": true,
      "official_class_and_style_loaded": true
    }
  },
  "unchanged_template_files": 10,
  "character_count_method": "pdftotext -layout, counting all non-whitespace characters including extracted figure labels and references; mathematical glyph extraction can differ slightly from venue tooling.",
  "limits": "Regular review 10000-50000 non-whitespace characters. Ordinary accepted full paper 12 pages; these are distinct rules. No official regular-supplement page/upload allowance is inferred.",
  "build_command": "bash paper/build.sh",
  "figure_method": "Vector PDF plots of saved measurements; no AI-generated raster illustrations.",
  "human_submission_decisions": [
    "Authorship and responsibility",
    "Funding/conflicts and submission declarations",
    "Anonymous AI-disclosure placement",
    "Regular-paper supplementary upload permission"
  ]
}
