{
  "status": "verified",
  "verified_utc": "2026-09-11T03:11:32.577020+00:00",
  "edition": "ICAART 2027",
  "files": {
    "main": {
      "path": "paper/main.pdf",
      "pages": 8,
      "non_whitespace_extracted_characters": 26369,
      "abstract_space_delimited_words": 168,
      "sha256": "16203da95bb24640fb4dc528a90da48e17aea9da280492619645d9a35989caf8",
      "all_fonts_embedded": true,
      "overfull_boxes": 0,
      "undefined_citations_or_references": 0,
      "anonymous_pdf_author_metadata": true,
      "official_class_and_style_loaded": true
    },
    "supplement": {
      "path": "paper/supplement.pdf",
      "pages": 18,
      "non_whitespace_extracted_characters": 48241,
      "abstract_space_delimited_words": 93,
      "sha256": "d30d94173f21ff10756e38232b43c248b465404131170b482a88925f46a8dd42",
      "all_fonts_embedded": true,
      "overfull_boxes": 0,
      "undefined_citations_or_references": 0,
      "anonymous_pdf_author_metadata": true,
      "official_class_and_style_loaded": true
    }
  },
  "unchanged_template_files": 10,
  "character_count_method": "pdftotext -layout, counting all non-whitespace characters including extracted figure labels and references; mathematical glyph extraction can differ slightly from venue tooling.",
  "limits": "Regular review 10000-50000 non-whitespace characters. Ordinary accepted full paper 12 pages; these are distinct rules. No official regular-supplement page/upload allowance is inferred.",
  "build_command": "bash paper/build.sh",
  "figure_method": "Vector PDF plots of saved measurements; no AI-generated raster illustrations.",
  "human_submission_decisions": [
    "Authorship and responsibility",
    "Funding/conflicts and submission declarations",
    "Anonymous AI-disclosure placement",
    "Regular-paper supplementary upload permission"
  ]
}
