{
  "record_kind": "computational_simulation",
  "simulations": 31680,
  "configurations": 66,
  "source_contexts": 6,
  "questions": 36,
  "monte_carlo_seeds": 32,
  "human_observations": 0,
  "selected_examples": {
    "unfavorable": {
      "config": "000_o0_ideal_short",
      "rotation": 0,
      "seed": 10000,
      "G_minus_Q_correct": -1,
      "rule": "First declaration-order config, then rotation, then seed; not largest effect"
    },
    "tie": {
      "config": "000_o0_ideal_short",
      "rotation": 0,
      "seed": 10001,
      "G_minus_Q_correct": 0,
      "rule": "First declaration-order config, then rotation, then seed; not largest effect"
    },
    "beneficial": {
      "config": "002_o0_high_short",
      "rotation": 1,
      "seed": 10014,
      "G_minus_Q_correct": 1,
      "rule": "First declaration-order config, then rotation, then seed; not largest effect"
    }
  },
  "uncertainty": "Monte Carlo numerical uncertainty conditional on unvalidated parameters and reused inputs; not human population uncertainty",
  "zero_group_cost_identity": "Verified in declared zero-overhead cells"
}
Wrote 9 simulation figures in PDF/SVG/PNG
Report, exact numerical macros and source-linked examples generated
