Completed 000_o0_ideal_short 480 simulations 3.9 CPU wall seconds
Completed 001_o0_ideal_long 960 simulations 7.8 CPU wall seconds
Completed 002_o0_high_short 1440 simulations 11.5 CPU wall seconds
Completed 003_o0_high_long 1920 simulations 15.4 CPU wall seconds
Completed 004_o0_limited_short 2400 simulations 19.5 CPU wall seconds
Completed 005_o0_limited_long 2880 simulations 23.6 CPU wall seconds
Completed 006_o5_ideal_short 3360 simulations 27.3 CPU wall seconds
Completed 007_o5_ideal_long 3840 simulations 30.9 CPU wall seconds
Completed 008_o5_high_short 4320 simulations 34.8 CPU wall seconds
Completed 009_o5_high_long 4800 simulations 38.4 CPU wall seconds
Completed 010_o5_limited_short 5280 simulations 42.4 CPU wall seconds
Completed 011_o5_limited_long 5760 simulations 46.6 CPU wall seconds
Completed 012_o25_ideal_short 6240 simulations 49.9 CPU wall seconds
Completed 013_o25_ideal_long 6720 simulations 53.5 CPU wall seconds
Completed 014_o25_high_short 7200 simulations 57.1 CPU wall seconds
Completed 015_o25_high_long 7680 simulations 60.6 CPU wall seconds
Completed 016_o25_limited_short 8160 simulations 64.3 CPU wall seconds
Completed 017_o25_limited_long 8640 simulations 68.1 CPU wall seconds
Completed 018_o75_ideal_short 9120 simulations 71.0 CPU wall seconds
Completed 019_o75_ideal_long 9600 simulations 74.0 CPU wall seconds
Completed 020_o75_high_short 10080 simulations 77.0 CPU wall seconds
Completed 021_o75_high_long 10560 simulations 80.0 CPU wall seconds
Completed 022_o75_limited_short 11040 simulations 82.9 CPU wall seconds
Completed 023_o75_limited_long 11520 simulations 86.1 CPU wall seconds
Completed 024_n6_h270 12000 simulations 87.8 CPU wall seconds
Completed 025_n6_h540 12480 simulations 89.9 CPU wall seconds
Completed 026_n6_h900 12960 simulations 92.1 CPU wall seconds
Completed 027_n12_h270 13440 simulations 94.7 CPU wall seconds
Completed 028_n12_h540 13920 simulations 98.2 CPU wall seconds
Completed 029_n12_h900 14400 simulations 103.0 CPU wall seconds
Completed 030_n24_h270 14880 simulations 107.8 CPU wall seconds
Completed 031_n24_h540 15360 simulations 113.7 CPU wall seconds
Completed 032_n24_h900 15840 simulations 121.3 CPU wall seconds
Completed 033_n36_h270 16320 simulations 128.6 CPU wall seconds
Completed 034_n36_h540 16800 simulations 136.9 CPU wall seconds
Completed 035_n36_h900 17280 simulations 147.4 CPU wall seconds
Completed 036_two_wave_interleaved 17760 simulations 153.2 CPU wall seconds
Completed 037_two_wave_source_blocked 18240 simulations 159.6 CPU wall seconds
Completed 038_burst_interleaved 18720 simulations 164.5 CPU wall seconds
Completed 039_burst_source_blocked 19200 simulations 170.0 CPU wall seconds
Completed 040_spread_interleaved 19680 simulations 176.6 CPU wall seconds
Completed 041_spread_source_blocked 20160 simulations 183.1 CPU wall seconds
Completed 042_o5_g0 20640 simulations 186.9 CPU wall seconds
Completed 043_o5_g12 21120 simulations 190.6 CPU wall seconds
Completed 044_o25_g0 21600 simulations 194.1 CPU wall seconds
Completed 045_o25_g12 22080 simulations 197.6 CPU wall seconds
Completed 046_o75_g0 22560 simulations 200.6 CPU wall seconds
Completed 047_o75_g12 23040 simulations 203.7 CPU wall seconds
Completed 048_v8_m20 23520 simulations 208.0 CPU wall seconds
Completed 049_v8_m45 24000 simulations 211.9 CPU wall seconds
Completed 050_v8_m90 24480 simulations 215.2 CPU wall seconds
Completed 051_v18_m20 24960 simulations 219.3 CPU wall seconds
Completed 052_v18_m45 25440 simulations 222.6 CPU wall seconds
Completed 053_v18_m90 25920 simulations 225.5 CPU wall seconds
Completed 054_v40_m20 26400 simulations 229.0 CPU wall seconds
Completed 055_v40_m45 26880 simulations 232.1 CPU wall seconds
Completed 056_v40_m90 27360 simulations 234.8 CPU wall seconds
Completed 057_short_c0 27840 simulations 238.1 CPU wall seconds
Completed 058_short_c8 28320 simulations 241.4 CPU wall seconds
Completed 059_short_c20 28800 simulations 244.7 CPU wall seconds
Completed 060_long_c0 29280 simulations 248.2 CPU wall seconds
Completed 061_long_c8 29760 simulations 251.6 CPU wall seconds
Completed 062_long_c20 30240 simulations 254.9 CPU wall seconds
Completed 063_persistent_c0 30720 simulations 258.4 CPU wall seconds
Completed 064_persistent_c8 31200 simulations 261.9 CPU wall seconds
Completed 065_persistent_c20 31680 simulations 265.2 CPU wall seconds
