{
  "version": "matched-qgm-v1",
  "record_kind": "software_fixture",
  "interpretation": "SYNTHETIC SOFTWARE FIXTURE; NOT participant findings",
  "runs": 1,
  "duplicate_exports_ignored": 0,
  "participant_results_populated": false,
  "missing": [
    {
      "code": "matched-software-fixture",
      "run_id": "55167085f07746eeb5dc5155f582ab05",
      "withdrawn": false,
      "missing_completed_blocks": [],
      "active_export": false,
      "planned_scored_questions": 36,
      "offered_scored_questions": 36
    }
  ],
  "primary_comparison": "G_minus_Q",
  "unit": "Participant; six reused source contexts, not independent financial reports",
  "contrasts": {
    "G_minus_Q": {
      "correct_release_proportion": {
        "n": 1,
        "mean": 0.0,
        "median": 0.0,
        "positive": 0,
        "ties": 1,
        "negative": 0,
        "descriptive_bootstrap95": null
      },
      "joint_correct": {
        "n": 1,
        "mean": 0,
        "median": 0,
        "positive": 0,
        "ties": 1,
        "negative": 0,
        "descriptive_bootstrap95": null
      },
      "incorrect_approved": {
        "n": 1,
        "mean": 0,
        "median": 0,
        "positive": 0,
        "ties": 1,
        "negative": 0,
        "descriptive_bootstrap95": null
      },
      "incorrect_released": {
        "n": 1,
        "mean": 0,
        "median": 0,
        "positive": 0,
        "ties": 1,
        "negative": 0,
        "descriptive_bootstrap95": null
      },
      "unfinished": {
        "n": 1,
        "mean": 0,
        "median": 0,
        "positive": 0,
        "ties": 1,
        "negative": 0,
        "descriptive_bootstrap95": null
      },
      "unstarted": {
        "n": 1,
        "mean": 0,
        "median": 0,
        "positive": 0,
        "ties": 1,
        "negative": 0,
        "descriptive_bootstrap95": null
      },
      "successful_corrections": {
        "n": 1,
        "mean": 0,
        "median": 0,
        "positive": 0,
        "ties": 1,
        "negative": 0,
        "descriptive_bootstrap95": null
      },
      "harmful_corrections": {
        "n": 1,
        "mean": 0,
        "median": 0,
        "positive": 0,
        "ties": 1,
        "negative": 0,
        "descriptive_bootstrap95": null
      },
      "released": {
        "n": 1,
        "mean": 0,
        "median": 0,
        "positive": 0,
        "ties": 1,
        "negative": 0,
        "descriptive_bootstrap95": null
      },
      "select_to_action_seconds": {
        "n": 1,
        "mean": 0.37424088700208813,
        "median": 0.37424088700208813,
        "positive": 1,
        "ties": 0,
        "negative": 0,
        "descriptive_bootstrap95": null
      },
      "resumed_select_to_action_seconds": {
        "n": 1,
        "mean": 0.0012141569750383496,
        "median": 0.0012141569750383496,
        "positive": 1,
        "ties": 0,
        "negative": 0,
        "descriptive_bootstrap95": null
      },
      "source_revisits": {
        "n": 1,
        "mean": 0,
        "median": 0,
        "positive": 0,
        "ties": 1,
        "negative": 0,
        "descriptive_bootstrap95": null
      },
      "source_selection_returns": {
        "n": 1,
        "mean": 0,
        "median": 0,
        "positive": 0,
        "ties": 1,
        "negative": 0,
        "descriptive_bootstrap95": null
      },
      "group_actions": {
        "n": 1,
        "mean": 1,
        "median": 1,
        "positive": 1,
        "ties": 0,
        "negative": 0,
        "descriptive_bootstrap95": null
      },
      "tlx_raw_mean": {
        "n": 0,
        "mean": null,
        "median": null,
        "positive": 0,
        "ties": 0,
        "negative": 0,
        "descriptive_bootstrap95": null
      },
      "control_1": {
        "n": 0,
        "mean": null,
        "median": null,
        "positive": 0,
        "ties": 0,
        "negative": 0,
        "descriptive_bootstrap95": null
      },
      "control_2": {
        "n": 0,
        "mean": null,
        "median": null,
        "positive": 0,
        "ties": 0,
        "negative": 0,
        "descriptive_bootstrap95": null
      },
      "control_3": {
        "n": 0,
        "mean": null,
        "median": null,
        "positive": 0,
        "ties": 0,
        "negative": 0,
        "descriptive_bootstrap95": null
      }
    },
    "Q_minus_M": {
      "correct_release_proportion": {
        "n": 1,
        "mean": 0.0,
        "median": 0.0,
        "positive": 0,
        "ties": 1,
        "negative": 0,
        "descriptive_bootstrap95": null
      },
      "joint_correct": {
        "n": 1,
        "mean": 0,
        "median": 0,
        "positive": 0,
        "ties": 1,
        "negative": 0,
        "descriptive_bootstrap95": null
      },
      "incorrect_approved": {
        "n": 1,
        "mean": 0,
        "median": 0,
        "positive": 0,
        "ties": 1,
        "negative": 0,
        "descriptive_bootstrap95": null
      },
      "incorrect_released": {
        "n": 1,
        "mean": 0,
        "median": 0,
        "positive": 0,
        "ties": 1,
        "negative": 0,
        "descriptive_bootstrap95": null
      },
      "unfinished": {
        "n": 1,
        "mean": 0,
        "median": 0,
        "positive": 0,
        "ties": 1,
        "negative": 0,
        "descriptive_bootstrap95": null
      },
      "unstarted": {
        "n": 1,
        "mean": 0,
        "median": 0,
        "positive": 0,
        "ties": 1,
        "negative": 0,
        "descriptive_bootstrap95": null
      },
      "successful_corrections": {
        "n": 1,
        "mean": 0,
        "median": 0,
        "positive": 0,
        "ties": 1,
        "negative": 0,
        "descriptive_bootstrap95": null
      },
      "harmful_corrections": {
        "n": 1,
        "mean": 0,
        "median": 0,
        "positive": 0,
        "ties": 1,
        "negative": 0,
        "descriptive_bootstrap95": null
      },
      "released": {
        "n": 1,
        "mean": 0,
        "median": 0,
        "positive": 0,
        "ties": 1,
        "negative": 0,
        "descriptive_bootstrap95": null
      },
      "select_to_action_seconds": {
        "n": 1,
        "mean": -0.1013659929158166,
        "median": -0.1013659929158166,
        "positive": 0,
        "ties": 0,
        "negative": 1,
        "descriptive_bootstrap95": null
      },
      "resumed_select_to_action_seconds": {
        "n": 1,
        "mean": 0.0003920170711353421,
        "median": 0.0003920170711353421,
        "positive": 1,
        "ties": 0,
        "negative": 0,
        "descriptive_bootstrap95": null
      },
      "source_revisits": {
        "n": 1,
        "mean": 0,
        "median": 0,
        "positive": 0,
        "ties": 1,
        "negative": 0,
        "descriptive_bootstrap95": null
      },
      "source_selection_returns": {
        "n": 1,
        "mean": 0,
        "median": 0,
        "positive": 0,
        "ties": 1,
        "negative": 0,
        "descriptive_bootstrap95": null
      },
      "group_actions": {
        "n": 1,
        "mean": 0,
        "median": 0,
        "positive": 0,
        "ties": 1,
        "negative": 0,
        "descriptive_bootstrap95": null
      },
      "tlx_raw_mean": {
        "n": 0,
        "mean": null,
        "median": null,
        "positive": 0,
        "ties": 0,
        "negative": 0,
        "descriptive_bootstrap95": null
      },
      "control_1": {
        "n": 0,
        "mean": null,
        "median": null,
        "positive": 0,
        "ties": 0,
        "negative": 0,
        "descriptive_bootstrap95": null
      },
      "control_2": {
        "n": 0,
        "mean": null,
        "median": null,
        "positive": 0,
        "ties": 0,
        "negative": 0,
        "descriptive_bootstrap95": null
      },
      "control_3": {
        "n": 0,
        "mean": null,
        "median": null,
        "positive": 0,
        "ties": 0,
        "negative": 0,
        "descriptive_bootstrap95": null
      }
    },
    "G_minus_M": {
      "correct_release_proportion": {
        "n": 1,
        "mean": 0.0,
        "median": 0.0,
        "positive": 0,
        "ties": 1,
        "negative": 0,
        "descriptive_bootstrap95": null
      },
      "joint_correct": {
        "n": 1,
        "mean": 0,
        "median": 0,
        "positive": 0,
        "ties": 1,
        "negative": 0,
        "descriptive_bootstrap95": null
      },
      "incorrect_approved": {
        "n": 1,
        "mean": 0,
        "median": 0,
        "positive": 0,
        "ties": 1,
        "negative": 0,
        "descriptive_bootstrap95": null
      },
      "incorrect_released": {
        "n": 1,
        "mean": 0,
        "median": 0,
        "positive": 0,
        "ties": 1,
        "negative": 0,
        "descriptive_bootstrap95": null
      },
      "unfinished": {
        "n": 1,
        "mean": 0,
        "median": 0,
        "positive": 0,
        "ties": 1,
        "negative": 0,
        "descriptive_bootstrap95": null
      },
      "unstarted": {
        "n": 1,
        "mean": 0,
        "median": 0,
        "positive": 0,
        "ties": 1,
        "negative": 0,
        "descriptive_bootstrap95": null
      },
      "successful_corrections": {
        "n": 1,
        "mean": 0,
        "median": 0,
        "positive": 0,
        "ties": 1,
        "negative": 0,
        "descriptive_bootstrap95": null
      },
      "harmful_corrections": {
        "n": 1,
        "mean": 0,
        "median": 0,
        "positive": 0,
        "ties": 1,
        "negative": 0,
        "descriptive_bootstrap95": null
      },
      "released": {
        "n": 1,
        "mean": 0,
        "median": 0,
        "positive": 0,
        "ties": 1,
        "negative": 0,
        "descriptive_bootstrap95": null
      },
      "select_to_action_seconds": {
        "n": 1,
        "mean": 0.2728748940862715,
        "median": 0.2728748940862715,
        "positive": 1,
        "ties": 0,
        "negative": 0,
        "descriptive_bootstrap95": null
      },
      "resumed_select_to_action_seconds": {
        "n": 1,
        "mean": 0.0016061740461736917,
        "median": 0.0016061740461736917,
        "positive": 1,
        "ties": 0,
        "negative": 0,
        "descriptive_bootstrap95": null
      },
      "source_revisits": {
        "n": 1,
        "mean": 0,
        "median": 0,
        "positive": 0,
        "ties": 1,
        "negative": 0,
        "descriptive_bootstrap95": null
      },
      "source_selection_returns": {
        "n": 1,
        "mean": 0,
        "median": 0,
        "positive": 0,
        "ties": 1,
        "negative": 0,
        "descriptive_bootstrap95": null
      },
      "group_actions": {
        "n": 1,
        "mean": 1,
        "median": 1,
        "positive": 1,
        "ties": 0,
        "negative": 0,
        "descriptive_bootstrap95": null
      },
      "tlx_raw_mean": {
        "n": 0,
        "mean": null,
        "median": null,
        "positive": 0,
        "ties": 0,
        "negative": 0,
        "descriptive_bootstrap95": null
      },
      "control_1": {
        "n": 0,
        "mean": null,
        "median": null,
        "positive": 0,
        "ties": 0,
        "negative": 0,
        "descriptive_bootstrap95": null
      },
      "control_2": {
        "n": 0,
        "mean": null,
        "median": null,
        "positive": 0,
        "ties": 0,
        "negative": 0,
        "descriptive_bootstrap95": null
      },
      "control_3": {
        "n": 0,
        "mean": null,
        "median": null,
        "positive": 0,
        "ties": 0,
        "negative": 0,
        "descriptive_bootstrap95": null
      }
    }
  },
  "technical_limits": "Interrupted active blocks remain in tables but not fixed-period paired estimates. Early finish retained. Withdrawn pairs shown but excluded from summaries.",
  "mechanism_limit": "Source focus and select-to-action intervals are proxies, not reading or cognitive effort. Group use is self-selected, not randomized mediation.",
  "interval_limit": "2000 participant resamples, seed 92741, only at least six complete nonwithdrawn pairs; conditional on reused packets. Six is a reporting threshold, not power. No equivalence or noninferiority conclusion."
}
