rows 6480
synthetic 8160
analysis 90 216
Seven figures in /tmp/verification-escalation-package-replay/figures
rows 3240
analysis 90 216
Seven figures in /tmp/verification-escalation-package-replay/repair/figures
[{'budget': 0, 'n_replicas': 48, 'n_sources': 24, 'questions': 0.0, 'correct': 12.0, 'wrong': 25.0, 'unfinished': 11.0, 'loss': 111.0, 'executions': 42.0}, {'budget': 1, 'n_replicas': 48, 'n_sources': 24, 'questions': 6.0, 'correct': 12.0, 'wrong': 30.0, 'unfinished': 6.0, 'loss': 126.0, 'executions': 48.0}, {'budget': 2, 'n_replicas': 48, 'n_sources': 24, 'questions': 6.0, 'correct': 12.0, 'wrong': 30.0, 'unfinished': 6.0, 'loss': 126.0, 'executions': 48.0}]
{'ready': 42, 'clarify': 6}
[{'method': 'recovery_completion', 'replicas': 48, 'questions': 40.0, 'correct': 17.0, 'wrong': 18.0, 'unfinished': 13.0, 'loss': 85.0, 'executions': 296.0}, {'method': 'verification', 'replicas': 48, 'questions': 33.0, 'correct': 14.0, 'wrong': 21.0, 'unfinished': 13.0, 'loss': 97.0, 'executions': 289.0}]
[{'metric': 'questions', 'mean': -0.14583333333333334, 'low': -0.25, 'high': -0.041666666666666664, 'negative': 6, 'ties': 18, 'positive': 0, 'n': 24}, {'metric': 'correct', 'mean': -0.0625, 'low': -0.125, 'high': 0.0, 'negative': 3, 'ties': 21, 'positive': 0, 'n': 24}, {'metric': 'wrong', 'mean': 0.0625, 'low': 0.0, 'high': 0.125, 'negative': 0, 'ties': 21, 'positive': 3, 'n': 24}, {'metric': 'unfinished', 'mean': 0.0, 'low': 0.0, 'high': 0.0, 'negative': 0, 'ties': 24, 'positive': 0, 'n': 24}, {'metric': 'loss', 'mean': 0.25, 'low': 0.0, 'high': 0.5, 'negative': 0, 'ties': 21, 'positive': 3, 'n': 24}]
{
  "status": "passed",
  "initial_flawed_adapter_rows": 6480,
  "repaired_empirical_rows": 3240,
  "synthetic_rows": 8160,
  "policy_and_event_replay": true,
  "analysis_tables": 8,
  "secondary_tables": 3,
  "posthoc_direct_reader_rows": 144,
  "integrity_sensitivity_rows": 3240,
  "numerical_figures": 8,
  "new_model_calls": 0,
  "output": "/tmp/verification-escalation-package-replay"
}
