rows 6480
synthetic 8160
analysis 90 216
Seven figures in /tmp/verification-escalation-release-replay/figures
rows 3240
analysis 90 216
Seven figures in /tmp/verification-escalation-release-replay/repair/figures
[{'budget': 0, 'n_replicas': 48, 'n_sources': 24, 'questions': 0.0, 'correct': 12.0, 'wrong': 25.0, 'unfinished': 11.0, 'loss': 111.0, 'executions': 42.0}, {'budget': 1, 'n_replicas': 48, 'n_sources': 24, 'questions': 6.0, 'correct': 12.0, 'wrong': 30.0, 'unfinished': 6.0, 'loss': 126.0, 'executions': 48.0}, {'budget': 2, 'n_replicas': 48, 'n_sources': 24, 'questions': 6.0, 'correct': 12.0, 'wrong': 30.0, 'unfinished': 6.0, 'loss': 126.0, 'executions': 48.0}]
{'ready': 42, 'clarify': 6}
{
  "status": "passed",
  "initial_flawed_adapter_rows": 6480,
  "repaired_empirical_rows": 3240,
  "synthetic_rows": 8160,
  "policy_and_event_replay": true,
  "analysis_tables": 8,
  "secondary_tables": 3,
  "posthoc_direct_reader_rows": 144,
  "numerical_figures": 8,
  "new_model_calls": 0,
  "output": "/tmp/verification-escalation-release-replay"
}
