{'passed': True, 'revision': 'v1', 'traces': 84, 'unique_requests': 360, 'private_sibling_annotations_loaded': False}
{'passed': True, 'revision': 'v2', 'traces': 84, 'unique_requests': 360, 'private_sibling_annotations_loaded': False}
Development v1 completed 84 missing 0
individual EM 41.0 / 72 net sibling 0 accepted/rejected 0 0
execute EM 41.0 / 72 net sibling 0 accepted/rejected 0 48
reattempt EM 42.0 / 72 net sibling 1 accepted/rejected 104 4
verify EM 41.0 / 72 net sibling 0 accepted/rejected 0 48
coarse EM 44.0 / 72 net sibling 3 accepted/rejected 97 11
patch EM 41.0 / 72 net sibling 0 accepted/rejected 0 108
no_applicability EM 41.0 / 72 net sibling 0 accepted/rejected 0 108
Representation 30 contract 0 / 72
Development v2 completed 84 missing 0
individual EM 41.0 / 72 net sibling 0 accepted/rejected 0 0
execute EM 41.0 / 72 net sibling 0 accepted/rejected 1 47
reattempt EM 37.0 / 72 net sibling -4 accepted/rejected 108 0
verify EM 41.0 / 72 net sibling 0 accepted/rejected 1 47
coarse EM 43.0 / 72 net sibling 2 accepted/rejected 108 0
patch EM 41.0 / 72 net sibling 0 accepted/rejected 0 108
no_applicability EM 41.0 / 72 net sibling 0 accepted/rejected 0 108
Representation 8 contract 1 / 72
Synthetic boundary rows 704
----------------------------------------------------------------------
Ran 19 tests in 0.034s

OK
Verified 168 traces; 720 requests; 2 guard-only diagnostic reason changes; no outcome changes.
Rendered 6 figures in PDF/SVG/PNG
