[
  {
    "baseline": "one_step",
    "budget": 2.0,
    "error_weight": 4.0,
    "metric": "loss",
    "difference": -0.23958333333333334,
    "lo": -0.3645833333333333,
    "hi": -0.11458333333333333,
    "negative": 17,
    "ties": 29,
    "positive": 2,
    "dialogues": 48
  },
  {
    "baseline": "semantic_memory",
    "budget": 2.0,
    "error_weight": 4.0,
    "metric": "loss",
    "difference": -0.09375,
    "lo": -0.21875,
    "hi": 0.010416666666666666,
    "negative": 6,
    "ties": 40,
    "positive": 2,
    "dialogues": 48
  },
  {
    "baseline": "completion",
    "budget": 2.0,
    "error_weight": 4.0,
    "metric": "loss",
    "difference": -0.14583333333333334,
    "lo": -0.2708333333333333,
    "hi": -0.010416666666666666,
    "negative": 9,
    "ties": 38,
    "positive": 1,
    "dialogues": 48
  },
  {
    "baseline": "full_history",
    "budget": 2.0,
    "error_weight": 4.0,
    "metric": "loss",
    "difference": -0.19791666666666666,
    "lo": -0.5625,
    "hi": 0.13541666666666666,
    "negative": 11,
    "ties": 26,
    "positive": 11,
    "dialogues": 48
  },
  {
    "baseline": "depth3",
    "budget": 2.0,
    "error_weight": 4.0,
    "metric": "loss",
    "difference": 0.0,
    "lo": 0.0,
    "hi": 0.0,
    "negative": 0,
    "ties": 48,
    "positive": 0,
    "dialogues": 48
  },
  {
    "baseline": "generic2",
    "budget": 2.0,
    "error_weight": 4.0,
    "metric": "loss",
    "difference": 0.0,
    "lo": 0.0,
    "hi": 0.0,
    "negative": 0,
    "ties": 48,
    "positive": 0,
    "dialogues": 48
  },
  {
    "baseline": "no_scope",
    "budget": 2.0,
    "error_weight": 4.0,
    "metric": "loss",
    "difference": 0.0,
    "lo": 0.0,
    "hi": 0.0,
    "negative": 0,
    "ties": 48,
    "positive": 0,
    "dialogues": 48
  },
  {
    "baseline": "request_specific",
    "budget": 2.0,
    "error_weight": 4.0,
    "metric": "loss",
    "difference": 0.0,
    "lo": 0.0,
    "hi": 0.0,
    "negative": 0,
    "ties": 48,
    "positive": 0,
    "dialogues": 48
  },
  {
    "baseline": "ideal_depth2",
    "budget": 2.0,
    "error_weight": 4.0,
    "metric": "loss",
    "difference": 0.65625,
    "lo": 0.4895833333333333,
    "hi": 0.8333333333333334,
    "negative": 0,
    "ties": 19,
    "positive": 29,
    "dialogues": 48
  }
]
