Traceback (most recent call last):
  File "/usr/lib/python3.8/runpy.py", line 194, in _run_module_as_main
    return _run_code(code, main_globals, None,
  File "/usr/lib/python3.8/runpy.py", line 87, in _run_code
    exec(code, run_globals)
  File "/home/resort/Documents/repos/OverseeingManyLLMs/research/clarification_planning/analyze.py", line 132, in <module>
    p=argparse.ArgumentParser();p.add_argument('--root');analyze(p.parse_args().root)
  File "/home/resort/Documents/repos/OverseeingManyLLMs/research/clarification_planning/analyze.py", line 127, in analyze
    write_json(out/'primary.json',dict(unit='source dialogue',replicates_averaged=2,resamples=RESAMPLES,analysis_seed=SEED,
  File "/home/resort/Documents/repos/OverseeingManyLLMs/research/clarification_planning/common.py", line 14, in write_json
    path.write_text(json.dumps(value, sort_keys=True, indent=2, ensure_ascii=False) + '\n')
  File "/usr/lib/python3.8/json/__init__.py", line 234, in dumps
    return cls(
  File "/usr/lib/python3.8/json/encoder.py", line 201, in encode
    chunks = list(chunks)
  File "/usr/lib/python3.8/json/encoder.py", line 431, in _iterencode
    yield from _iterencode_dict(o, _current_indent_level)
  File "/usr/lib/python3.8/json/encoder.py", line 405, in _iterencode_dict
    yield from chunks
  File "/usr/lib/python3.8/json/encoder.py", line 325, in _iterencode_list
    yield from chunks
  File "/usr/lib/python3.8/json/encoder.py", line 405, in _iterencode_dict
    yield from chunks
  File "/usr/lib/python3.8/json/encoder.py", line 438, in _iterencode
    o = _default(o)
  File "/usr/lib/python3.8/json/encoder.py", line 179, in default
    raise TypeError(f'Object of type {o.__class__.__name__} '
TypeError: Object of type int64 is not JSON serializable
