MINIMUM COMPLETION PRIMARY [
  {
    "budget": 2.0,
    "error_weight": 4.0,
    "metric": "loss",
    "difference": 0.010416666666666666,
    "lo": -0.11458333333333333,
    "hi": 0.10416666666666667,
    "negative": 1,
    "ties": 44,
    "positive": 3
  },
  {
    "budget": 2.0,
    "error_weight": 4.0,
    "metric": "project_correct",
    "difference": -0.052083333333333336,
    "lo": -0.11458333333333333,
    "hi": 0.0,
    "negative": 3,
    "ties": 45,
    "positive": 0
  },
  {
    "budget": 2.0,
    "error_weight": 4.0,
    "metric": "correct",
    "difference": -0.041666666666666664,
    "lo": -0.11458333333333333,
    "hi": 0.010416666666666666,
    "negative": 3,
    "ties": 44,
    "positive": 1
  },
  {
    "budget": 2.0,
    "error_weight": 4.0,
    "metric": "incorrect",
    "difference": -0.010416666666666666,
    "lo": -0.03125,
    "hi": 0.0,
    "negative": 1,
    "ties": 47,
    "positive": 0
  },
  {
    "budget": 2.0,
    "error_weight": 4.0,
    "metric": "unfinished",
    "difference": 0.052083333333333336,
    "lo": 0.0,
    "hi": 0.11458333333333333,
    "negative": 0,
    "ties": 45,
    "positive": 3
  },
  {
    "budget": 2.0,
    "error_weight": 4.0,
    "metric": "questions",
    "difference": 0.4375,
    "lo": 0.3020833333333333,
    "hi": 0.5729166666666666,
    "negative": 0,
    "ties": 23,
    "positive": 25
  }
]
TOTALS [
  {
    "method": "completion",
    "preparations": 96,
    "dialogues": 48,
    "tasks": 192.0,
    "loss": 77.0,
    "project_correct": 22.0,
    "correct": 118.0,
    "incorrect": 1.0,
    "unfinished": 73.0,
    "questions": 192.0,
    "repeated_questions": 0.0,
    "incorrect_scope_transfers": 0.0,
    "failed_calls": 0.0
  },
  {
    "method": "depth2",
    "preparations": 96,
    "dialogues": 48,
    "tasks": 192.0,
    "loss": 63.0,
    "project_correct": 39.0,
    "correct": 135.0,
    "incorrect": 2.0,
    "unfinished": 55.0,
    "questions": 177.0,
    "repeated_questions": 0.0,
    "incorrect_scope_transfers": 0.0,
    "failed_calls": 0.0
  },
  {
    "method": "depth3",
    "preparations": 96,
    "dialogues": 48,
    "tasks": 192.0,
    "loss": 63.0,
    "project_correct": 39.0,
    "correct": 135.0,
    "incorrect": 2.0,
    "unfinished": 55.0,
    "questions": 177.0,
    "repeated_questions": 0.0,
    "incorrect_scope_transfers": 0.0,
    "failed_calls": 0.0
  },
  {
    "method": "full_history",
    "preparations": 96,
    "dialogues": 48,
    "tasks": 192.0,
    "loss": 82.0,
    "project_correct": 45.0,
    "correct": 140.0,
    "incorrect": 10.0,
    "unfinished": 42.0,
    "questions": 3.0,
    "repeated_questions": 0.0,
    "incorrect_scope_transfers": 0.0,
    "failed_calls": 0.0
  },
  {
    "method": "generic2",
    "preparations": 96,
    "dialogues": 48,
    "tasks": 192.0,
    "loss": 63.0,
    "project_correct": 39.0,
    "correct": 135.0,
    "incorrect": 2.0,
    "unfinished": 55.0,
    "questions": 177.0,
    "repeated_questions": 0.0,
    "incorrect_scope_transfers": 0.0,
    "failed_calls": 0.0
  },
  {
    "method": "ideal_depth2",
    "preparations": 96,
    "dialogues": 48,
    "tasks": 192.0,
    "loss": 0.0,
    "project_correct": 96.0,
    "correct": 192.0,
    "incorrect": 0.0,
    "unfinished": 0.0,
    "questions": 0.0,
    "repeated_questions": 0.0,
    "incorrect_scope_transfers": 0.0,
    "failed_calls": 0.0
  },
  {
    "method": "minimum_completion",
    "preparations": 96,
    "dialogues": 48,
    "tasks": 192.0,
    "loss": 62.0,
    "project_correct": 44.0,
    "correct": 139.0,
    "incorrect": 3.0,
    "unfinished": 50.0,
    "questions": 135.0,
    "repeated_questions": 0.0,
    "incorrect_scope_transfers": 0.0,
    "failed_calls": 0.0
  },
  {
    "method": "no_scope",
    "preparations": 96,
    "dialogues": 48,
    "tasks": 192.0,
    "loss": 63.0,
    "project_correct": 39.0,
    "correct": 135.0,
    "incorrect": 2.0,
    "unfinished": 55.0,
    "questions": 177.0,
    "repeated_questions": 0.0,
    "incorrect_scope_transfers": 0.0,
    "failed_calls": 0.0
  },
  {
    "method": "one_step",
    "preparations": 96,
    "dialogues": 48,
    "tasks": 192.0,
    "loss": 86.0,
    "project_correct": 37.0,
    "correct": 112.0,
    "incorrect": 2.0,
    "unfinished": 78.0,
    "questions": 132.0,
    "repeated_questions": 0.0,
    "incorrect_scope_transfers": 0.0,
    "failed_calls": 0.0
  },
  {
    "method": "request_specific",
    "preparations": 96,
    "dialogues": 48,
    "tasks": 192.0,
    "loss": 63.0,
    "project_correct": 39.0,
    "correct": 135.0,
    "incorrect": 2.0,
    "unfinished": 55.0,
    "questions": 177.0,
    "repeated_questions": 0.0,
    "incorrect_scope_transfers": 0.0,
    "failed_calls": 0.0
  },
  {
    "method": "semantic_memory",
    "preparations": 96,
    "dialogues": 48,
    "tasks": 192.0,
    "loss": 72.0,
    "project_correct": 41.0,
    "correct": 129.0,
    "incorrect": 3.0,
    "unfinished": 60.0,
    "questions": 160.0,
    "repeated_questions": 0.0,
    "incorrect_scope_transfers": 0.0,
    "failed_calls": 0.0
  }
]
