{
  "status": "complete",
  "cohort": "fresh",
  "fresh_source_cases": true,
  "workflow_attempts": 72,
  "source_cases": 24,
  "complete_bundles": 8,
  "policy_episodes": 864,
  "missing_bundle_replicates": [],
  "staged": 51,
  "initial_errors": 12,
  "unstaged": 21,
  "initial_correct": 39,
  "primary": {
    "variant": "approve_block",
    "review_duration": 2,
    "comparison": "search-greedy",
    "metric": "operational_loss",
    "bundles": 8,
    "mean_difference": 1.6666666666666665,
    "ci_low": 0.0,
    "ci_high": 4.666666666666667,
    "wins": 0,
    "ties": 6,
    "losses": 2
  },
  "predictions": {
    "staged_examples": 51,
    "initial_errors": 12,
    "initial_error_rate": 0.23529411764705882,
    "mean_prediction": 0.2580999066293182,
    "brier": 0.17143813636565727,
    "pooled_brier": 0.17998163452708907,
    "constant_half_brier": 0.25,
    "auroc": 0.6581196581196581
  },
  "historical_reference_traces_matched": 0,
  "all_policy_traces_replayed": true,
  "invariances_verified": [
    "no-review outcome invariant across variants",
    "approve/block completion equals initially correct staging",
    "blocking leaves service unresolved and state unchanged"
  ],
  "estimator_hash": "5734f6babfbd33655a76595f001251bd5914d94dde0c0e3401af3fc4a762a581",
  "bootstrap_seed": 20260916,
  "bootstrap_resamples": 2000,
  "independent_unit": "source-disjoint bundle; average generation replicates, common bootstrap indices across matched conditions"
}
