{
  "status": "verified",
  "verified_utc": "2026-09-10T22:27:46.811146+00:00",
  "edition": "ICAART 2027",
  "files": {
    "main": {
      "path": "paper/main.pdf",
      "pages": 10,
      "non_whitespace_extracted_characters": 32226,
      "abstract_space_delimited_words": 168,
      "sha256": "8aa46e2862c7c73efac3fd037c45772a3e66f0f9b034dfbc6f9e23d870742eba",
      "all_fonts_embedded": true,
      "overfull_boxes": 0,
      "undefined_citations_or_references": 0,
      "anonymous_pdf_author_metadata": true,
      "official_class_and_style_loaded": true
    },
    "supplement": {
      "path": "paper/supplement.pdf",
      "pages": 10,
      "non_whitespace_extracted_characters": 27065,
      "abstract_space_delimited_words": 93,
      "sha256": "ddde286e99af9ea9550463bff15d6ab2a7e4666b8bcc327511a2626963f06a7c",
      "all_fonts_embedded": true,
      "overfull_boxes": 0,
      "undefined_citations_or_references": 0,
      "anonymous_pdf_author_metadata": true,
      "official_class_and_style_loaded": true
    }
  },
  "unchanged_template_files": 10,
  "character_count_method": "pdftotext -layout, counting all non-whitespace characters including extracted figure labels and references; mathematical glyph extraction can differ slightly from venue tooling.",
  "limits": "Regular review 10000-50000 non-whitespace characters. Ordinary accepted full paper 12 pages; these are distinct rules. No official regular-supplement page/upload allowance is inferred.",
  "build_command": "bash paper/build.sh",
  "figure_method": "Vector PDF plots of saved measurements; no AI-generated raster illustrations.",
  "human_submission_decisions": [
    "Authorship and responsibility",
    "Funding/conflicts and submission declarations",
    "Anonymous AI-disclosure placement",
    "Regular-paper supplementary upload permission"
  ]
}
