{
  "status": "complete",
  "cohort": "post_hoc_stage5",
  "fresh_source_cases": false,
  "workflow_attempts": 288,
  "source_cases": 96,
  "complete_bundles": 32,
  "policy_episodes": 3456,
  "missing_bundle_replicates": [],
  "staged": 233,
  "initial_errors": 51,
  "unstaged": 55,
  "initial_correct": 182,
  "primary": {
    "variant": "approve_block",
    "review_duration": 2,
    "comparison": "search-greedy",
    "metric": "operational_loss",
    "bundles": 32,
    "mean_difference": 0.125,
    "ci_low": -0.16666666666666663,
    "ci_high": 0.49999999999999994,
    "wins": 1,
    "ties": 29,
    "losses": 2
  },
  "predictions": {
    "staged_examples": 233,
    "initial_errors": 51,
    "initial_error_rate": 0.21888412017167383,
    "mean_prediction": 0.267388105456774,
    "brier": 0.15585232012690642,
    "pooled_brier": 0.17152799946401254,
    "constant_half_brier": 0.25,
    "auroc": 0.7095992243051067
  },
  "historical_reference_traces_matched": 1152,
  "all_policy_traces_replayed": true,
  "invariances_verified": [
    "no-review outcome invariant across variants",
    "approve/block completion equals initially correct staging",
    "blocking leaves service unresolved and state unchanged"
  ],
  "estimator_hash": "5734f6babfbd33655a76595f001251bd5914d94dde0c0e3401af3fc4a762a581",
  "bootstrap_seed": 20260916,
  "bootstrap_resamples": 2000,
  "independent_unit": "source-disjoint bundle; average generation replicates, common bootstrap indices across matched conditions"
}
