{
  "rows": 4500,
  "primary": [
    {
      "condition_id": "core_high_1_12_ideal",
      "comparison": "guarded-sticky_edf",
      "loss": 2.0,
      "loss_low": 0.0,
      "loss_high": 6.0,
      "wins": 0,
      "ties": 5,
      "losses": 1,
      "active_time": -0.5,
      "active_time_low": -1.25,
      "active_time_high": 0.20833333333333334,
      "session_offers": -1.3333333333333333,
      "session_offers_low": -2.1666666666666665,
      "session_offers_high": -0.6666666666666666,
      "correct": -0.16666666666666666,
      "correct_low": -0.5,
      "correct_high": 0.0,
      "missed_useful": 0.16666666666666666,
      "missed_useful_low": 0.0,
      "missed_useful_high": 0.5,
      "harms": 0.0,
      "harms_low": 0.0,
      "harms_high": 0.0
    },
    {
      "condition_id": "core_high_1_12_ideal",
      "comparison": "guarded-greedy",
      "loss": -4.0,
      "loss_low": -6.666666666666667,
      "loss_high": -1.3333333333333333,
      "wins": 4,
      "ties": 2,
      "losses": 0,
      "active_time": 0.5833333333333334,
      "active_time_low": -0.4166666666666667,
      "active_time_high": 1.6666666666666667,
      "session_offers": 0.16666666666666666,
      "session_offers_low": -0.3333333333333333,
      "session_offers_high": 0.6666666666666666,
      "correct": 1.0,
      "correct_low": 0.5,
      "correct_high": 1.5,
      "missed_useful": -1.0,
      "missed_useful_low": -1.5,
      "missed_useful_high": -0.5,
      "harms": 0.0,
      "harms_low": 0.0,
      "harms_high": 0.0
    },
    {
      "condition_id": "core_high_1_12_ideal",
      "comparison": "guarded-edf",
      "loss": -1.3333333333333333,
      "loss_low": -2.6666666666666665,
      "loss_high": 0.0,
      "wins": 2,
      "ties": 4,
      "losses": 0,
      "active_time": -0.8333333333333334,
      "active_time_low": -1.3760416666666666,
      "active_time_high": -0.25,
      "session_offers": -0.8333333333333334,
      "session_offers_low": -1.3333333333333333,
      "session_offers_high": -0.3333333333333333,
      "correct": 0.16666666666666666,
      "correct_low": 0.0,
      "correct_high": 0.5,
      "missed_useful": -0.16666666666666666,
      "missed_useful_low": -0.5,
      "missed_useful_high": 0.0,
      "harms": 0.0,
      "harms_low": 0.0,
      "harms_high": 0.0
    },
    {
      "condition_id": "core_high_1_12_ideal",
      "comparison": "guarded-density",
      "loss": -0.6666666666666666,
      "loss_low": -2.6666666666666665,
      "loss_high": 1.3333333333333333,
      "wins": 2,
      "ties": 3,
      "losses": 1,
      "active_time": 1.0,
      "active_time_low": 0.041666666666666664,
      "active_time_high": 1.9583333333333333,
      "session_offers": -0.6666666666666666,
      "session_offers_low": -1.3333333333333333,
      "session_offers_high": -0.16666666666666666,
      "correct": 0.3333333333333333,
      "correct_low": -0.3333333333333333,
      "correct_high": 1.0,
      "missed_useful": -0.3333333333333333,
      "missed_useful_low": -1.0,
      "missed_useful_high": 0.3333333333333333,
      "harms": 0.0,
      "harms_low": 0.0,
      "harms_high": 0.0
    },
    {
      "condition_id": "core_high_1_12_ideal",
      "comparison": "guarded-unguarded",
      "loss": 0.6666666666666666,
      "loss_low": -1.3333333333333333,
      "loss_high": 2.6666666666666665,
      "wins": 1,
      "ties": 3,
      "losses": 2,
      "active_time": 0.7083333333333334,
      "active_time_low": -0.1260416666666666,
      "active_time_high": 1.6666666666666667,
      "session_offers": -0.3333333333333333,
      "session_offers_low": -0.6666666666666666,
      "session_offers_high": 0.0,
      "correct": 0.16666666666666666,
      "correct_low": -0.3333333333333333,
      "correct_high": 0.6666666666666666,
      "missed_useful": -0.16666666666666666,
      "missed_useful_low": -0.6666666666666666,
      "missed_useful_high": 0.3333333333333333,
      "harms": 0.0,
      "harms_low": 0.0,
      "harms_high": 0.0
    },
    {
      "condition_id": "core_high_1_12_ideal",
      "comparison": "guarded-no_review",
      "loss": -32.0,
      "loss_low": -45.333333333333336,
      "loss_high": -15.983333333333425,
      "wins": 5,
      "ties": 1,
      "losses": 0,
      "active_time": 10.583333333333334,
      "active_time_low": 10.041666666666666,
      "active_time_high": 11.25,
      "session_offers": 5.0,
      "session_offers_low": 4.333333333333333,
      "session_offers_high": 5.666666666666667,
      "correct": 4.0,
      "correct_low": 2.0,
      "correct_high": 5.5,
      "missed_useful": -4.0,
      "missed_useful_low": -5.5,
      "missed_useful_high": -2.0,
      "harms": 0.0,
      "harms_low": 0.0,
      "harms_high": 0.0
    }
  ],
  "model_zero_reviews": true
}
