Completed bundle 0 ['run01', 'run02', 'run03']
Completed bundle 1 ['run05', 'run06', 'run07']
Completed bundle 2 ['run09', 'run10', 'run11']
Completed bundle 3 ['run12', 'run13', 'run17']
Completed bundle 4 ['run18', 'run20', 'run22']
Completed bundle 5 ['run23', 'run24', 'run25']
Replay verified: 4500
{
  "status": "verified",
  "baseline": "8ee1a973a1ad3d5debca4442c6a37ce53d9c6416",
  "main_replays": 4500,
  "exact_analysis_files": [
    "policy_summary.csv",
    "paired.csv",
    "bundle_differences.csv",
    "dominance.csv",
    "summary.json",
    "example_selection.json"
  ],
  "historical_tracked_files_unchanged": true,
  "manuscript_pdf_hashes": {
    "paper/supplement.pdf": "f9d51c6a243ed7659fdf7d9017889ca9d6bfcdc975ddbee5e33dbeb3b0d67aac",
    "paper/main.pdf": "1fe9e9fdad3c23411996e390bfe00e5222e9f8b14a6c07a16505c114760e1e5b"
  },
  "ui": {
    "status": "verified",
    "events": 22,
    "human_participants": 0,
    "basis": "Recorded actions reproduce public state exactly. Wall-clock response times are retained observations of a scripted browser, not simulated or participant measurements."
  },
  "new_inference": 0
}
